                                                                    页     1
                                                                    10-11-24
                                                                    15:12:18
伟福汇编器 V5.00                             Copyright (c) 1989, 2001 by CHY

地址  机器码 源程序

            
            ORG   1000H
1000 7435   FAKE: MOV  A, #35H
1002 786F           MOV  R0, #6FH
1004 758107         MOV  SP, #07H
1007 FE             MOV  R6, A
1008 7490           MOV  A, #90H
100A F6             MOV  @R0, A
100B 756041         MOV  60H, #41H
100E 856041         MOV  41H, 60H
1011 900650         MOV  DPTR, #0650H
1014 C060           PUSH  60H
1016 C083           PUSH  DPH
1018 C082           PUSH  DPL
101A D001           POP    01H
101C D002           POP    02H
101E D0E0           POP    A
1020 C501           XCH   A, 01H
1022 80FE           SJMP  $
            






























C:\USERS\02\DESKTOP\2024-10-11\TEST1.ASM                        
 
                                                                    页     2
                                                                    10-11-24
                                                                    15:12:18
伟福汇编器 V5.00                             Copyright (c) 1989, 2001 by CHY

地址  机器码 源程序



            符号                       值     类型

            AC                       = 00D6H CONST 常量 
            ACC                      = 00E0H CONST 常量 
            B                        = 00F0H CONST 常量 
            CY                       = 00D7H CONST 常量 
            DPH                      = 0083H CONST 常量 
            DPL                      = 0082H CONST 常量 
            EA                       = 00AFH CONST 常量 
            ES                       = 00ACH CONST 常量 
            ET0                      = 00A9H CONST 常量 
            ET1                      = 00ABH CONST 常量 
            ET2                      = 00ADH CONST 常量 
            EX0                      = 00A8H CONST 常量 
            EX1                      = 00AAH CONST 常量 
            EXEN2                    = 00CBH CONST 常量 
            EXF2                     = 00CEH CONST 常量 
            F0                       = 00D5H CONST 常量 
            F1                       = 00D1H CONST 常量 
            FAKE                     = 1000H CODE  标号 
            IE                       = 00A8H CONST 常量 
            IE0                      = 0089H CONST 常量 
            IE1                      = 008BH CONST 常量 
            IP                       = 00B8H CONST 常量 
            IT0                      = 0088H CONST 常量 
            IT1                      = 008AH CONST 常量 
            OV                       = 00D2H CONST 常量 
            P                        = 00D0H CONST 常量 
            P0                       = 0080H CONST 常量 
            P1                       = 0090H CONST 常量 
            P2                       = 00A0H CONST 常量 
            P3                       = 00B0H CONST 常量 
            PCON                     = 0087H CONST 常量 
            PS                       = 00BCH CONST 常量 
            PSW                      = 00D0H CONST 常量 
            PT0                      = 00B9H CONST 常量 
            PT1                      = 00BBH CONST 常量 
            PT2                      = 00BDH CONST 常量 
            PX0                      = 00B8H CONST 常量 
            PX1                      = 00BAH CONST 常量 
            RB8                      = 009AH CONST 常量 
            RCAP2H                   = 00CBH CONST 常量 
            RCAP2L                   = 00CAH CONST 常量 
            RCLK                     = 00CDH CONST 常量 
            REN                      = 009CH CONST 常量 
            RI                       = 0098H CONST 常量 


C:\USERS\02\DESKTOP\2024-10-11\TEST1.ASM                        
 
                                                                    页     3
                                                                    10-11-24
                                                                    15:12:18
伟福汇编器 V5.00                             Copyright (c) 1989, 2001 by CHY

地址  机器码 源程序

            RL2                      = 00C8H CONST 常量 
            RS0                      = 00D3H CONST 常量 
            RS1                      = 00D4H CONST 常量 
            SBUF                     = 0099H CONST 常量 
            SCON                     = 0098H CONST 常量 
            SM0                      = 009FH CONST 常量 
            SM1                      = 009EH CONST 常量 
            SM2                      = 009DH CONST 常量 
            SP                       = 0081H CONST 常量 
            T2                       = 00C9H CONST 常量 
            T2CON                    = 00C8H CONST 常量 
            T2MOD                    = 00C9H CONST 常量 
            TB8                      = 009BH CONST 常量 
            TCLK                     = 00CCH CONST 常量 
            TCON                     = 0088H CONST 常量 
            TF0                      = 008DH CONST 常量 
            TF1                      = 008FH CONST 常量 
            TF2                      = 00CFH CONST 常量 
            TH0                      = 008CH CONST 常量 
            TH1                      = 008DH CONST 常量 
            TH2                      = 00CDH CONST 常量 
            TI                       = 0099H CONST 常量 
            TL0                      = 008AH CONST 常量 
            TL1                      = 008BH CONST 常量 
            TL2                      = 00CCH CONST 常量 
            TMOD                     = 0089H CONST 常量 
            TR0                      = 008CH CONST 常量 
            TR1                      = 008EH CONST 常量 
            TR2                      = 00CAH CONST 常量 


            公有符号:   73
            私有符号:    0

















C:\USERS\02\DESKTOP\2024-10-11\TEST1.ASM                        
 
